// Jest Snapshot v1, https://goo.gl/fbAQLP

exports[`The clock component on creating creates the expected DOM structure 1`] = `"<clock-component></clock-component>"`;
